../Core/Src/main.c:76:6:HAL_I2S_RxHalfCpltCallback	16	static
../Core/Src/main.c:81:6:HAL_I2S_RxCpltCallback	16	static
../Core/Src/main.c:84:6:HAL_I2S_TxHalfCpltCallback	16	static
../Core/Src/main.c:88:6:HAL_I2S_TxCpltCallback	16	static
../Core/Src/main.c:107:5:main	8	static
../Core/Src/main.c:156:6:SystemClock_Config	88	static
../Core/Src/main.c:203:13:MX_I2S2_Init	8	static
../Core/Src/main.c:235:13:MX_I2S3_Init	8	static
../Core/Src/main.c:265:13:MX_DMA_Init	16	static
../Core/Src/main.c:287:13:MX_GPIO_Init	24	static
../Core/Src/main.c:302:13:process	40	static
../Core/Src/main.c:345:6:Error_Handler	4	static,ignoring_inline_asm
