../Core/Src/main.c:65:5:__io_putchar	16	static
../Core/Src/main.c:70:6:HAL_ADC_ConvCpltCallback	16	static
../Core/Src/main.c:80:5:main	72	static
../Core/Src/main.c:164:6:SystemClock_Config	136	static
../Core/Src/main.c:215:13:MX_ADC_Init	16	static
../Core/Src/main.c:282:13:MX_TIM6_Init	16	static
../Core/Src/main.c:320:13:MX_USART2_UART_Init	8	static
../Core/Src/main.c:353:13:MX_DMA_Init	16	static
../Core/Src/main.c:371:13:MX_GPIO_Init	16	static
../Core/Src/main.c:387:6:Error_Handler	8	static,ignoring_inline_asm
