../Core/Src/main.c:69:6:HAL_I2S_RxHalfCpltCallback	16	static
../Core/Src/main.c:72:6:HAL_I2S_RxCpltCallback	16	static
../Core/Src/main.c:75:6:HAL_I2S_TxHalfCpltCallback	16	static
../Core/Src/main.c:79:6:HAL_I2S_TxCpltCallback	16	static
../Core/Src/main.c:93:5:main	8	static
../Core/Src/main.c:144:6:SystemClock_Config	88	static
../Core/Src/main.c:190:6:PeriphCommonClock_Config	32	static
../Core/Src/main.c:210:13:MX_I2S2_Init	8	static
../Core/Src/main.c:244:13:MX_I2S3_Init	8	static
../Core/Src/main.c:278:13:MX_USART2_UART_Init	8	static
../Core/Src/main.c:309:13:MX_DMA_Init	16	static
../Core/Src/main.c:330:13:MX_GPIO_Init	48	static
../Core/Src/main.c:363:13:process	32	static
../Core/Src/main.c:375:6:Error_Handler	4	static,ignoring_inline_asm
