../Core/Src/main.c:67:6:HAL_ADC_ConvHalfCpltCallback	16	static
../Core/Src/main.c:72:6:HAL_ADC_ConvCpltCallback	16	static
../Core/Src/main.c:83:5:main	8	static
../Core/Src/main.c:134:6:SystemClock_Config	136	static
../Core/Src/main.c:183:13:MX_ADC_Init	16	static
../Core/Src/main.c:242:13:MX_TIM3_Init	48	static
../Core/Src/main.c:301:13:MX_USART2_UART_Init	8	static
../Core/Src/main.c:334:13:MX_DMA_Init	16	static
../Core/Src/main.c:352:13:MX_GPIO_Init	56	static
../Core/Src/main.c:392:6:Error_Handler	8	static,ignoring_inline_asm
