../Core/Src/main.c:82:5:main	96	static
../Core/Src/main.c:159:6:SystemClock_Config	136	static
../Core/Src/main.c:208:13:MX_SPI2_Init	8	static
../Core/Src/main.c:246:13:MX_TIM2_Init	32	static
../Core/Src/main.c:291:13:MX_USART2_UART_Init	8	static
../Core/Src/main.c:326:13:MX_GPIO_Init	48	static
../Core/Src/main.c:360:8:stream_sensor_data_normal_mode	56	static
../Core/Src/main.c:392:6:print_sensor_data	48	static
../Core/Src/main.c:405:6:user_delay_us	16	static
../Core/Src/main.c:410:8:user_spi_read	40	static
../Core/Src/main.c:423:8:user_spi_write	40	static
../Core/Src/main.c:434:6:tx_com	24	static
../Core/Src/main.c:444:6:Error_Handler	8	static,ignoring_inline_asm
