../Core/Src/main.c:73:5:__io_putchar	16	static
../Core/Src/main.c:78:6:HAL_TIM_PeriodElapsedCallback	16	static
../Core/Src/main.c:90:5:main	24	static
../Core/Src/main.c:159:6:SystemClock_Config	136	static
../Core/Src/main.c:210:13:MX_SPI2_Init	8	static
../Core/Src/main.c:248:13:MX_TIM2_Init	32	static
../Core/Src/main.c:293:13:MX_USART2_UART_Init	8	static
../Core/Src/main.c:328:13:MX_GPIO_Init	48	static
../Core/Src/main.c:354:6:stream_sensor_data_normal_mode	24	static
../Core/Src/main.c:380:6:print_sensor_data	32	static
../Core/Src/main.c:394:6:BME280_SPI_Read	32	static
../Core/Src/main.c:407:6:BME280_SPI_Write	32	static
../Core/Src/main.c:428:6:Error_Handler	8	static,ignoring_inline_asm
